g++ -std=c++17 -Wall -Wextra -pthread -O2 -I. -I/usr/include/gtk-3.0 -I/usr/include/pango-1.0 -I/usr/include/glib-2.0 -I/usr/lib/x86_64-linux-gnu/glib-2.0/include -I/usr/include/harfbuzz -I/usr/include/freetype2 -I/usr/include/libpng16 -I/usr/include/libmount -I/usr/include/blkid -I/usr/include/fribidi -I/usr/include/cairo -I/usr/include/pixman-1 -I/usr/include/gdk-pixbuf-2.0 -I/usr/include/x86_64-linux-gnu -I/usr/include/webp -I/usr/include/gio-unix-2.0 -I/usr/include/atk-1.0 -I/usr/include/at-spi2-atk/2.0 -I/usr/include/at-spi-2.0 -I/usr/include/dbus-1.0 -I/usr/lib/x86_64-linux-gnu/dbus-1.0/include -pthread  -DCLIENT_SKIP_MAIN gui_main.cpp client.cpp src/protocol/json_parser.cpp src/audio/audio_streamer.cpp -o gui_app -lgtk-3 -lgdk-3 -lz -lpangocairo-1.0 -lpango-1.0 -lharfbuzz -latk-1.0 -lcairo-gobject -lcairo -lgdk_pixbuf-2.0 -lgio-2.0 -lgobject-2.0 -lglib-2.0 
wsl : gui_main.cpp:31:12: error: redefinition of ‘GtkWidget* vbox_login’
At line:1 char:1
+ wsl make gui > build_error.log 2>&1
+ ~~~~~~~~~~~~~~~~~~~~~~~~~~~~~~~~~~~
    + CategoryInfo          : NotSpecified: (gui_main.cpp:31...et* vbox_login’:String) [], RemoteException
    + FullyQualifiedErrorId : NativeCommandError
 
   31 | GtkWidget *vbox_login;
      |            ^~~~~~~~~~
gui_main.cpp:30:12: note: ‘GtkWidget* vbox_login’ previously declared here
   30 | GtkWidget *vbox_login;
      |            ^~~~~~~~~~
gui_main.cpp: In function ‘void on_play_video_clicked(GtkWidget*, gpointer)’:
gui_main.cpp:263:46: warning: unused parameter ‘widget’ [-Wunused-parameter]
  263 | static void on_play_video_clicked(GtkWidget *widget, gpointer data) {
      |                                   ~~~~~~~~~~~^~~~~~
gui_main.cpp: In function ‘void on_play_audio_clicked(GtkWidget*, gpointer)’:
gui_main.cpp:271:46: warning: unused parameter ‘widget’ [-Wunused-parameter]
  271 | static void on_play_audio_clicked(GtkWidget *widget, gpointer data) {
      |                                   ~~~~~~~~~~~^~~~~~
gui_main.cpp: In function ‘void on_drag_data_get(GtkWidget*, GdkDragContext*, GtkSelectionData*, guint, guint, 
gpointer)’:
gui_main.cpp:579:41: warning: unused parameter ‘widget’ [-Wunused-parameter]
  579 | static void on_drag_data_get(GtkWidget *widget, GdkDragContext *context,
      |                              ~~~~~~~~~~~^~~~~~
gui_main.cpp:579:65: warning: unused parameter ‘context’ [-Wunused-parameter]
  579 | static void on_drag_data_get(GtkWidget *widget, GdkDragContext *context,
      |                                                 ~~~~~~~~~~~~~~~~^~~~~~~
gui_main.cpp:580:60: warning: unused parameter ‘info’ [-Wunused-parameter]
  580 |                              GtkSelectionData *data, guint info, guint time,
      |                                                      ~~~~~~^~~~
gui_main.cpp:580:72: warning: unused parameter ‘time’ [-Wunused-parameter]
  580 |                              GtkSelectionData *data, guint info, guint time,
      |                                                                  ~~~~~~^~~~
gui_main.cpp: In function ‘void on_drag_data_received(GtkWidget*, GdkDragContext*, gint, gint, GtkSelectionData*, 
guint, guint, gpointer)’:
gui_main.cpp:589:46: warning: unused parameter ‘widget’ [-Wunused-parameter]
  589 | static void on_drag_data_received(GtkWidget *widget, GdkDragContext *context,
      |                                   ~~~~~~~~~~~^~~~~~
gui_main.cpp:590:40: warning: unused parameter ‘x’ [-Wunused-parameter]
  590 |                                   gint x, gint y, GtkSelectionData *data,
      |                                   ~~~~~^
gui_main.cpp:590:48: warning: unused parameter ‘y’ [-Wunused-parameter]
  590 |                                   gint x, gint y, GtkSelectionData *data,
      |                                           ~~~~~^
gui_main.cpp:591:41: warning: unused parameter ‘info’ [-Wunused-parameter]
  591 |                                   guint info, guint time, gpointer user_data) {
      |                                   ~~~~~~^~~~
gui_main.cpp: In function ‘void update_question_ui()’:
gui_main.cpp:1080:26: warning: comparison of integer expressions of different signedness: ‘int’ and 
‘std::vector<Question>::size_type’ {aka ‘long unsigned int’} [-Wsign-compare]
 1080 |   if (currentQuestionIdx == currentQuestions.size() - 1) {
      |       ~~~~~~~~~~~~~~~~~~~^~~~~~~~~~~~~~~~~~~~~~~~~~~~~~
gui_main.cpp: In function ‘void parse_test_data(std::string)’:
gui_main.cpp:1114:31: warning: missing initializer for member ‘Question::d’ [-Wmissing-field-initializers]
 1114 |     currentQuestions.push_back({"err",
      |     ~~~~~~~~~~~~~~~~~~~~~~~~~~^~~~~~~~
 1115 |                                 "Server response missing 'questions' field",
      |                                 ~~~~~~~~~~~~~~~~~~~~~~~~~~~~~~~~~~~~~~~~~~~~
 1116 |                                 "A", "B", "C", "D"});
      |                                 ~~~~~~~~~~~~~~~~~~~~
gui_main.cpp:1114:31: warning: missing initializer for member ‘Question::words’ [-Wmissing-field-initializers]
gui_main.cpp:1234:31: warning: missing initializer for member ‘Question::d’ [-Wmissing-field-initializers]
 1234 |     currentQuestions.push_back(
      |     ~~~~~~~~~~~~~~~~~~~~~~~~~~^
 1235 |         {"err",
      |         ~~~~~~~                
 1236 |          "Could not parse questions from server response\n\nPlease check "
      |          ~~~~~~~~~~~~~~~~~~~~~~~~~~~~~~~~~~~~~~~~~~~~~~~~~~~~~~~~~~~~~~~~~
 1237 |          "server is running and test data exists.",
      |          ~~~~~~~~~~~~~~~~~~~~~~~~~~~~~~~~~~~~~~~~~~
 1238 |          "A", "B", "C", "D"});
      |          ~~~~~~~~~~~~~~~~~~~~  
gui_main.cpp:1234:31: warning: missing initializer for member ‘Question::words’ [-Wmissing-field-initializers]
gui_main.cpp: In function ‘void on_test_action_clicked(GtkWidget*, gpointer)’:
gui_main.cpp:1262:26: warning: comparison of integer expressions of different signedness: ‘int’ and 
‘std::vector<Question>::size_type’ {aka ‘long unsigned int’} [-Wsign-compare]
 1262 |   if (currentQuestionIdx < currentQuestions.size() - 1) {
      |       ~~~~~~~~~~~~~~~~~~~^~~~~~~~~~~~~~~~~~~~~~~~~~~~~
gui_main.cpp:1244:64: warning: unused parameter ‘data’ [-Wunused-parameter]
 1244 | static void on_test_action_clicked(GtkWidget *widget, gpointer data) {
      |                                                       ~~~~~~~~~^~~~
gui_main.cpp: In function ‘void on_lesson_btn_clicked(GtkWidget*, gpointer)’:
gui_main.cpp:1559:46: warning: unused parameter ‘widget’ [-Wunused-parameter]
 1559 | static void on_lesson_btn_clicked(GtkWidget *widget, gpointer data) {
      |                                   ~~~~~~~~~~~^~~~~~
gui_main.cpp: In function ‘void on_send_chat_clicked(GtkWidget*, gpointer)’:
gui_main.cpp:1622:45: warning: unused parameter ‘widget’ [-Wunused-parameter]
 1622 | static void on_send_chat_clicked(GtkWidget *widget, gpointer data) {
      |                                  ~~~~~~~~~~~^~~~~~
gui_main.cpp:1622:62: warning: unused parameter ‘data’ [-Wunused-parameter]
 1622 | static void on_send_chat_clicked(GtkWidget *widget, gpointer data) {
      |                                                     ~~~~~~~~~^~~~
gui_main.cpp: In function ‘gboolean refresh_conversation_messages(gpointer)’:
gui_main.cpp:1810:27: warning: cast between incompatible function types from ‘void (*)(GtkWidget*)’ {aka ‘void 
(*)(_GtkWidget*)’} to ‘GtkCallback’ {aka ‘void (*)(_GtkWidget*, void*)’} [-Wcast-function-type]
 1810 |                           (GtkCallback)gtk_widget_destroy, NULL);
      |                           ^~~~~~~~~~~~~~~~~~~~~~~~~~~~~~~
gui_main.cpp:1772:56: warning: unused parameter ‘data’ [-Wunused-parameter]
 1772 | static gboolean refresh_conversation_messages(gpointer data) {
      |                                               ~~~~~~~~~^~~~
gui_main.cpp: In function ‘void on_conversation_send_clicked(GtkWidget*, gpointer)’:
gui_main.cpp:1880:53: warning: unused parameter ‘widget’ [-Wunused-parameter]
 1880 | static void on_conversation_send_clicked(GtkWidget *widget, gpointer data) {
      |                                          ~~~~~~~~~~~^~~~~~
gui_main.cpp: In function ‘void on_voice_call_button_clicked(GtkWidget*, gpointer)’:
gui_main.cpp:2262:53: warning: unused parameter ‘widget’ [-Wunused-parameter]
 2262 | static void on_voice_call_button_clicked(GtkWidget *widget, gpointer data) {
      |                                          ~~~~~~~~~~~^~~~~~
gui_main.cpp: In function ‘void on_menu_btn_clicked(GtkWidget*, gpointer)’:
gui_main.cpp:2657:37: warning: unused parameter ‘widget’ [-Wunused-parameter]
 2657 | void on_menu_btn_clicked(GtkWidget *widget, gpointer data) {
      |                          ~~~~~~~~~~~^~~~~~
gui_main.cpp: In function ‘void on_incoming_call_accept(GtkWidget*, gpointer)’:
gui_main.cpp:2688:48: warning: unused parameter ‘widget’ [-Wunused-parameter]
 2688 | static void on_incoming_call_accept(GtkWidget *widget, gpointer data) {
      |                                     ~~~~~~~~~~~^~~~~~
gui_main.cpp:2688:65: warning: unused parameter ‘data’ [-Wunused-parameter]
 2688 | static void on_incoming_call_accept(GtkWidget *widget, gpointer data) {
      |                                                        ~~~~~~~~~^~~~
gui_main.cpp: In function ‘void on_incoming_call_reject(GtkWidget*, gpointer)’:
gui_main.cpp:2717:48: warning: unused parameter ‘widget’ [-Wunused-parameter]
 2717 | static void on_incoming_call_reject(GtkWidget *widget, gpointer data) {
      |                                     ~~~~~~~~~~~^~~~~~
gui_main.cpp:2717:65: warning: unused parameter ‘data’ [-Wunused-parameter]
 2717 | static void on_incoming_call_reject(GtkWidget *widget, gpointer data) {
      |                                                        ~~~~~~~~~^~~~
gui_main.cpp: In function ‘gboolean check_voice_call_status(gpointer)’:
gui_main.cpp:2727:50: warning: unused parameter ‘data’ [-Wunused-parameter]
 2727 | static gboolean check_voice_call_status(gpointer data) {
      |                                         ~~~~~~~~~^~~~
gui_main.cpp: In function ‘void on_login_clicked(GtkWidget*, gpointer)’:
gui_main.cpp:2834:41: warning: unused parameter ‘widget’ [-Wunused-parameter]
 2834 | static void on_login_clicked(GtkWidget *widget, gpointer data) {
      |                              ~~~~~~~~~~~^~~~~~
gui_main.cpp:2834:58: warning: unused parameter ‘data’ [-Wunused-parameter]
 2834 | static void on_login_clicked(GtkWidget *widget, gpointer data) {
      |                                                 ~~~~~~~~~^~~~
client.cpp: In function ‘void signalHandler(int)’:
client.cpp:2438:24: warning: unused parameter ‘sig’ [-Wunused-parameter]
 2438 | void signalHandler(int sig) {
      |                    ~~~~^~~
make: *** [Makefile:85: gui] Error 1
